$0=kieker.common.record.misc.KiekerMetadataRecord
$1=1.10
$2=KIEKER
$3=edge.rssreader.rssperf.emulab.net
$4=NANOSECONDS
$5=kieker.common.record.system.CPUUtilizationRecord
$6=0
$7=1
$8=kieker.common.record.system.MemSwapUsageRecord
$9=kieker.common.record.jvm.GCRecord
$10=15471@edge.rssreader.rssperf.emulab.net
$11=PS Scavenge
$12=PS MarkSweep
$13=kieker.common.record.jvm.MemoryRecord
$14=kieker.common.record.system.LoadAverageRecord
$15=kieker.common.record.controlflow.OperationExecutionRecord
$16=public static com.netflix.discovery.DiscoveryManager com.netflix.discovery.DiscoveryManager.getInstance()
$17=<no-session-id>
$18=kieker.common.record.system.NetworkUtilizationRecord
$19=lo
$20=eth0
$21=eth5
$22=eth1
$23=eth2
$24=eth3
$25=eth4
$26=kieker.common.record.system.DiskUsageRecord
$27=/dev/sda1
$28=public com.sun.jersey.api.client.ClientResponse com.sun.jersey.client.apache4.ApacheHttpClient4Handler.handle(com.sun.jersey.api.client.ClientRequest)
$29=public void com.netflix.discovery.DiscoveryManager.initComponent(com.netflix.appinfo.EurekaInstanceConfig, com.netflix.discovery.EurekaClientConfig)
$30=public com.netflix.discovery.DiscoveryClient com.netflix.discovery.DiscoveryManager.getDiscoveryClient()
$31=public void com.netflix.karyon.server.KaryonServer.start()
$32=public static void com.netflix.recipes.rss.server.EdgeServer.main(java.lang.String[])
$33=protected java.lang.String com.netflix.recipes.rss.hystrix.GetRSSCommand.run()
$34=protected java.lang.String com.netflix.recipes.rss.hystrix.AddRSSCommand.run()
$35=protected java.lang.String com.netflix.recipes.rss.hystrix.DeleteRSSCommand.run()
$36=protected java.lang.String com.netflix.recipes.rss.hystrix.GetRSSCommand.getFallback()
